// Jest Snapshot v1, https://goo.gl/fbAQLP

exports[`<ToggleJobSwitch> renders correctly 1`] = `
<Switch
  checked={true}
  dataTest="dhis2-uicore-switch"
  name="toggle-job-1"
  onChange={[Function]}
/>
`;
