// Jest Snapshot v1, https://goo.gl/fbAQLP

exports[`<DeleteJobButton> renders correctly 1`] = `
<Fragment>
  <Button
    dataTest="dhis2-uicore-button"
    destructive={true}
    onClick={[Function]}
    type="button"
  >
    Delete
  </Button>
</Fragment>
`;
