// Jest Snapshot v1, https://goo.gl/fbAQLP

exports[`<ArrangeFill> renders correctly 1`] = `
<div
  className="fill"
>
  Text
</div>
`;
