// Jest Snapshot v1, https://goo.gl/fbAQLP

exports[`<ArrangeFit> renders correctly 1`] = `
<div
  className="fit"
>
  Text
</div>
`;
