// Jest Snapshot v1, https://goo.gl/fbAQLP

exports[`<FatalError> renders correctly 1`] = `
<AbsoluteCenter
  vertical={false}
>
  <InlineError
    details={
      Array [
        "Details",
      ]
    }
    message="Error"
  />
</AbsoluteCenter>
`;
