// Jest Snapshot v1, https://goo.gl/fbAQLP

exports[`<JobEdit> renders correctly 1`] = `
<div>
  Edit job
</div>
`;
