// Jest Snapshot v1, https://goo.gl/fbAQLP

exports[`<CssVariables> renders correctly 1`] = `""`;
