// Jest Snapshot v1, https://goo.gl/fbAQLP

exports[`<HumanReadableCron> returns nothing while loading 1`] = `""`;
