// Jest Snapshot v1, https://goo.gl/fbAQLP

exports[`<DeleteJobMenuItem> renders correctly 1`] = `
<Fragment>
  <MenuItem
    dataTest="dhis2-uicore-menuitem"
    dense={true}
    destructive={true}
    label="Delete"
    onClick={[Function]}
  />
</Fragment>
`;
