// Jest Snapshot v1, https://goo.gl/fbAQLP

exports[`<EditJobMenuItem> renders correctly 1`] = `
<MenuItem
  dataTest="dhis2-uicore-menuitem"
  dense={true}
  label="Edit"
  onClick={[Function]}
/>
`;
