// Jest Snapshot v1, https://goo.gl/fbAQLP

exports[`<JobList> renders correctly 1`] = `
<Fragment>
  <Title
    priority={2}
  >
    Scheduled Jobs
  </Title>
  <Card>
    Some content here
  </Card>
</Fragment>
`;
